
> appi-rsi-group@0.1.0 build
> next build

⚠ Warning: Next.js inferred your workspace root, but it may not be correct.
 We detected multiple lockfiles and selected the directory of C:\Users\Sekre\package-lock.json as the root directory.
 To silence this warning, set `turbopack.root` in your Next.js config, or consider removing one of the lockfiles if it's not needed.
   See https://nextjs.org/docs/app/api-reference/config/next-config-js/turbopack#root-directory for more information.
 Detected additional lockfiles: 
   * C:\Users\Sekre\Downloads\appi-rsi-group-app\package-lock.json

▲ Next.js 16.1.1 (Turbopack)
- Environments: .env.local

  Creating an optimized production build ...
✓ Compiled successfully in 14.7s
  Running TypeScript ...
Failed to compile.

./backup_legacy/App.tsx:843:17
Type error: Element implicitly has an 'any' type because expression of type 'keyof Employee' can't be used to index type 'Partial<Omit<Employee, "role" | "id" | "password">>'.
  Property 'role' does not exist on type 'Partial<Omit<Employee, "role" | "id" | "password">>'.

[0m [90m 841 |[39m         ) [33m=>[39m {
 [90m 842 |[39m             [90m// Check if this specific flag was part of the update and it changed from false/undefined to true[39m
[31m[1m>[22m[39m[90m 843 |[39m             [36mif[39m (updates[roleFlag] [33m&&[39m [33m![39moldUser[roleFlag]) {
 [90m     |[39m                 [31m[1m^[22m[39m
 [90m 844 |[39m                 createNotification({
 [90m 845 |[39m                     userId[33m:[39m userId[33m,[39m
 [90m 846 |[39m                     type[33m:[39m [32m'account_role_changed'[39m[33m,[39m[0m
Next.js build worker exited with code: 1 and signal: null
